// Vitest Snapshot v1, https://vitest.dev/guide/snapshot.html

exports[`Malison of Matins > Vigil rhythm: 4 s veiled, 2.5 s open; rends a boss wound every 4.5 s of veiled time 1`] = `
"2.02 initial Malison hour=matins radius=50 hp=100 @(660,450)
6.03 flag malison-open
6.03 say "Its shroud has parted — sear it with the brand, now!"
6.03 say "instruction"
9.05 spawn BossWound source=blade length=54 bleed=0.5 @(455,325)
9.05 cue cut
9.05 flag malison-rend
9.05 say "It’s tearing the flesh as it moves! Stitch those wounds!"
9.05 say "instruction"
13.05 spawn BloodPool ichor=blood r=8 optional @(454,322)
16.08 spawn BossWound source=blade length=54.6 bleed=0.5 @(614,364)
16.08 cue cut
20.08 spawn BloodPool ichor=blood r=8 optional @(617,364)
22.02 -- 20 s of rhythm: status=running vitals=83.7 score=0 combo=0 counts=0/0/0/0 live=[Malison,BossWound,BloodPool,BossWound,BloodPool] toggles=["open@4.03","veiled@6.55","open@10.57","veiled@13.08","open@17.10","veiled@19.62"]
"
`;

exports[`Malison of Matins > a shard dragged off the body is cast out (COOL); the rest rejoin after 9 s: MISS "It rejoined", 10 vitals, a weakened single-phase Malison 1`] = `
"2.02 initial MalisonShard @(600,450)
2.02 initial MalisonShard @(660,470)
2.02 initial MalisonShard @(720,450)
2.02 initial Laceration source=blade length=40 bleed=0 @(810,330)
2.02 cue pluck
2.63 cue burn
2.63 rate COOL "Cast out" +105 combo=1
2.65 -- one cast out: status=running vitals=98.1 score=105 combo=1 counts=1/0/0/0 live=[MalisonShard,MalisonShard,Laceration]
11.02 spawn Malison hour=matins radius=50 hp=50 @(752,508)
11.02 rate MISS "It rejoined" +0 combo=0
11.02 hurt 10
11.02 popup "-10"
11.02 -- rejoined: status=running vitals=79.7 score=105 combo=0 counts=1/0/0/1 live=[Laceration,Malison]
"
`;

exports[`Malison of Matins > branding it while veiled: one MISS "Veiled", no damage, no brand-flesh penalty 1`] = `
"2.02 initial Malison hour=matins radius=50 hp=100 @(660,450)
2.02 rate MISS "Veiled" +0 combo=0
2.02 say "Wait for it to open."
3.03 -- branded while veiled: status=running vitals=98.5 score=0 combo=0 counts=0/0/0/1 live=[Malison] hp=100
"
`;

exports[`Malison of Matins > three phases: "Wounded" into the Watchfire (Litany taught) and The Eye; unmade on the third beat into three shards 1`] = `
"2.02 initial Malison hour=matins radius=50 hp=100 @(660,450)
6.03 flag malison-open
6.03 say "Its shroud has parted — sear it with the brand, now!"
6.03 say "instruction"
6.42 say "It’s quickening! Doctor — the Litany. Draw the star with the right hand and still the hour."
6.42 rate GOOD "Wounded" +63 combo=1
6.42 -- into the Watchfire: status=running vitals=97 score=63 combo=1 counts=0/1/0/0 live=[Malison] hp=60 phase="watchfire"
10.43 cue burn
10.58 cue burn
10.65 cue burn
10.67 cue burn
10.82 say "The shroud has burned away — an eye! Brand it on the third beat, and only then!"
10.82 rate GOOD "Wounded" +66 combo=2
10.82 -- the Eye opens: status=running vitals=95 score=129 combo=2 counts=0/2/0/0 live=[Malison] hp=25 phase="eye"
11.82 cue heartbeat
12.83 cue heartbeat
12.95 cue burn
13.02 spawn BossDeath optional @(541,387)
13.02 rate COOL "Malison unmade" +115 combo=3
13.02 spawn MalisonShard @(591,387)
13.02 spawn MalisonShard @(516,422)
13.02 spawn MalisonShard @(516,353)
13.02 say "It’s splitting apart! Seize every shard with the tongs and cast it out — before they rejoin!"
13.02 flag brand-flesh
13.02 say "Careful! The brand is searing healthy flesh!"
13.02 say "instruction"
13.05 -- unmade: status=running vitals=93.9 score=244 combo=3 counts=1/2/0/0 live=[BossDeath,MalisonShard,MalisonShard,MalisonShard] alive=false
"
`;
